<?xml version="1.0" encoding="UTF-8"?>
<TestRun id="ad4e575f-7ad3-4386-9ada-22d826d06c76" name="rzhong@ITSM1030674 2011-11-08 22:14:23" runUser="ACADEMIC\rzhong" xmlns="http://microsoft.com/schemas/VisualStudio/TeamTest/2006">
  <TestRunConfiguration name="Local Test Run" id="c42c55b2-03a0-4cde-a9da-4bdc707620e0">
    <Description>This is a default test run configuration for a local test run.</Description>
    <Deployment runDeploymentRoot="C:\Users\rzhong\Desktop\NETRuikeZhong\TestResults\rzhong_ITSM1030674 2011-11-08 22_14_23">
      <DeploymentItem filename="C:\Users\rzhong\Desktop\NETRuikeZhong\BusinessTier\bin\Release\BusinessTier.dll" />
      <DeploymentItem filename="C:\Users\rzhong\Desktop\NETRuikeZhong\NETRuikeZhong\bin\Release\NETRuikeZhong.exe" />
    </Deployment>
    <TestTypeSpecific />
  </TestRunConfiguration>
  <ResultSummary outcome="Failed">
    <Counters total="1" executed="1" error="0" failed="1" timeout="0" aborted="0" inconclusive="0" passedButRunAborted="0" notRunnable="0" notExecuted="0" disconnected="0" warning="0" passed="0" completed="0" inProgress="0" pending="0" />
  </ResultSummary>
  <Times creation="2011-11-08T22:14:23.6349687-06:00" queuing="2011-11-08T22:14:24.2490038-06:00" start="2011-11-08T22:14:24.3210080-06:00" finish="2011-11-08T22:14:24.7390319-06:00" />
  <TestDefinitions>
    <UnitTest name="btnClear_ClickTest" storage="c:\users\rzhong\desktop\netruikezhong\ruikezhong\bin\release\ruikezhong.dll" id="970bd778-95b8-3d12-226c-64b672f9cf3f">
      <Css projectStructure="" iteration="" />
      <Owners>
        <Owner name="" />
      </Owners>
      <DeploymentItems>
        <DeploymentItem filename="NETRuikeZhong.exe" />
      </DeploymentItems>
      <Execution id="bfd81d3a-e982-4479-a858-3f8fda26544b" />
      <TestMethod codeBase="C:\Users\rzhong\Desktop\NETRuikeZhong\RuiKeZhong\bin\Release\RuiKeZhong.dll" adapterTypeName="Microsoft.VisualStudio.TestTools.TestTypes.Unit.UnitTestAdapter, Microsoft.VisualStudio.QualityTools.Tips.UnitTest.Adapter, Version=9.0.0.0, Culture=neutral, PublicKeyToken=b03f5f7f11d50a3a" className="RuiKeZhong.frmCarWashTest, RuiKeZhong" name="btnClear_ClickTest" />
    </UnitTest>
  </TestDefinitions>
  <TestLists>
    <TestList name="Results Not in a List" id="8c84fa94-04c1-424b-9868-57a2d4851a1d" />
    <TestList name="All Loaded Results" id="19431567-8539-422a-85d7-44ee4e166bda" />
  </TestLists>
  <TestEntries>
    <TestEntry testId="970bd778-95b8-3d12-226c-64b672f9cf3f" executionId="bfd81d3a-e982-4479-a858-3f8fda26544b" testListId="8c84fa94-04c1-424b-9868-57a2d4851a1d" />
  </TestEntries>
  <Results>
    <UnitTestResult executionId="bfd81d3a-e982-4479-a858-3f8fda26544b" testId="970bd778-95b8-3d12-226c-64b672f9cf3f" testName="btnClear_ClickTest" computerName="ITSM1030674" duration="00:00:00.1006185" startTime="2011-11-08T22:14:24.3230081-06:00" endTime="2011-11-08T22:14:24.7300314-06:00" testType="13cdc9d9-ddb5-4fa4-a97d-d965ccfc6d4b" outcome="Failed" testListId="8c84fa94-04c1-424b-9868-57a2d4851a1d">
      <Output>
        <ErrorInfo>
          <Message>Test method RuiKeZhong.frmCarWashTest.btnClear_ClickTest threw exception:  System.ArgumentOutOfRangeException: InvalidArgument=Value of '0' is not valid for 'index'.
Parameter name: index.</Message>
          <StackTrace>    at System.Windows.Forms.ComboBox.ObjectCollection.get_Item(Int32 index)
   at NETRuikeZhong.frmCarWash.btnClear_Click(Object sender, EventArgs e) in C:\Users\rzhong\Desktop\NETRuikeZhong\NETRuikeZhong\frmCarWash.vb:line 251
   at NETRuikeZhong.frmCarWash_Accessor.btnClear_Click(Object sender, EventArgs e)
   at RuiKeZhong.frmCarWashTest.btnClear_ClickTest() in C:\Users\rzhong\Desktop\NETRuikeZhong\RuiKeZhong\frmCarWashTest.vb:line 230
</StackTrace>
        </ErrorInfo>
      </Output>
    </UnitTestResult>
  </Results>
</TestRun>